C:/Users/Sanjay Kumar R/Desktop/Major Project/Project/FraudShield/server/src/controllers/transaction.controller.ts:63: Argument of type 'string | string[]' is not assignable to parameter of type 'string'.
  Type 'string[]' is not assignable to type 'string'.
Total: 1